// Jest Snapshot v1, https://goo.gl/fbAQLP

exports[`O modal deve corresponder ao snapshot visual 1`] = `
<DocumentFragment>
  <div
    style="position: fixed; top: 0px; left: 0px; width: 100vw; background-color: rgba(0, 0, 0, 0.5); display: flex; justify-content: center; align-items: center; z-index: 1050; padding: 1rem;"
  >
    <div
      style="background-color: rgb(255, 255, 255); border-radius: 0.5rem; box-shadow: 0 4px 6px rgba(0, 0, 0, 0.1); width: 100%; max-width: 30rem; overflow: hidden; display: flex; flex-direction: column;"
    >
      <div
        style="padding: 1rem; border-bottom: 1px solid #dee2e6; display: flex; justify-content: space-between; align-items: center;"
      >
        <h5
          style="margin: 0px; font-size: 1.25rem;"
        >
          Excluir item
        </h5>
        <button
          aria-label="Close"
          class="btn-close"
        />
      </div>
      <div
        style="padding: 1rem; font-size: 1rem;"
      >
        <p
          style="margin: 0px;"
        >
          Esta ação não poderá ser desfeita.
        </p>
      </div>
      <div
        style="padding: 1rem; border-top: 1px solid #dee2e6; display: flex; justify-content: flex-end; gap: 0.5rem;"
      >
        <button
          class="btn btn-secondary"
          title="Cancelar ação."
        >
          Cancelar
        </button>
        <button
          class="btn btn-primary"
          title="Confirmar ação"
        >
          Confirmar
        </button>
      </div>
    </div>
  </div>
</DocumentFragment>
`;
